buff.c:33:5:_write	24	static
buff.c:39:6:debug_putchar	16	static
buff.c:44:6:HAL_SYSTICK_Callback	8	static
buff.c:77:6:HAL_UART_RxCpltCallback	16	static
buff.c:82:6:HAL_UART_ErrorCallback	16	static
buff.c:87:10:UART_has_char	4	static
buff.c:92:9:UART_receive	16	static
buff.c:99:6:Buzz	16	static
buff.c:105:7:Round_filter_fl	24	static
buff.c:115:9:Round_filter_int	24	static
buff.c:125:6:MCUgoSleep	8	static
buff.c:138:6:checkPowerOff	8	static
buff.c:180:6:CLI	16	static
buff.c:185:6:setPwmLed	48	static
buff.c:195:6:setPwrLed	16	static
buff.c:200:6:setStatLed	16	static
buff.c:205:6:ledSweepPwr	16	static
buff.c:211:6:ledSweepStat	16	static
