ltc4015.c:15:9:i2c_read16	40	static
ltc4015.c:23:9:i2c_write16	40	static
ltc4015.c:30:6:clr_bit	24	static
ltc4015.c:37:6:set_bit	24	static
ltc4015.c:45:9:LTC4015_check	24	static
ltc4015.c:67:6:LTC4015_VBAT_limits	32	static
ltc4015.c:83:6:LTC4015_VIN_limits	24	static
ltc4015.c:95:6:LTC4015_set_charge_voltage	24	static
ltc4015.c:121:6:LTC4015_set_charge_current	24	static
ltc4015.c:130:13:stop_charging	8	static
ltc4015.c:131:13:start_charging	8	static
ltc4015.c:133:13:start_meas	8	static
ltc4015.c:134:13:stop_meas	8	static
ltc4015.c:136:13:start_run_bsr	8	static
ltc4015.c:137:13:stop_run_bsr	8	static
ltc4015.c:140:13:enable_jeita	8	static
ltc4015.c:141:13:disable_jeita	8	static
ltc4015.c:145:10:read_register_val	24	static
ltc4015.c:153:7:LTC4015_get_vin	16	static
ltc4015.c:163:7:LTC4015_get_vbat	32	static
ltc4015.c:176:9:LTC4015_get_iin	32	static
ltc4015.c:185:9:LTC4015_get_ibat	32	static
ltc4015.c:194:7:LTC4015_get_dietemp	16	static
ltc4015.c:204:9:LTC4015_get_cells	16	static
ltc4015.c:212:9:LTC4015_get_chem	16	static
ltc4015.c:221:6:LTC4015_init	8	static
