main.c:108:5:main	24	static
main.c:229:6:fill_voltage_table	8	static
main.c:238:6:fill_current_table	8	static
main.c:246:6:supply_check_select	8	static
main.c:276:6:SystemClock_Config	88	static
main.c:323:13:MX_ADC1_Init	24	static
main.c:441:13:MX_I2C1_Init	8	static
main.c:475:13:MX_IWDG_Init	8	static
main.c:503:13:MX_TIM4_Init	48	static
main.c:552:13:MX_USART1_UART_Init	8	static
main.c:585:13:MX_USART3_UART_Init	8	static
main.c:616:13:MX_DMA_Init	16	static
main.c:634:13:MX_GPIO_Init	40	static
main.c:688:6:Error_Handler	4	static
