main.c:124:5:main	24	static
main.c:246:6:fill_voltage_table	8	static
main.c:255:6:fill_current_table	8	static
main.c:263:6:supply_check_select	8	static
main.c:293:6:SystemClock_Config	88	static
main.c:340:13:MX_ADC1_Init	24	static
main.c:458:13:MX_I2C1_Init	8	static
main.c:492:13:MX_IWDG_Init	8	static
main.c:520:13:MX_TIM4_Init	48	static
main.c:569:13:MX_USART1_UART_Init	8	static
main.c:602:13:MX_USART3_UART_Init	8	static
main.c:633:13:MX_DMA_Init	16	static
main.c:651:13:MX_GPIO_Init	40	static
main.c:705:6:Error_Handler	4	static
